[driver] lease opened: session=db77feff3a4e...
[driver] session.list -> 200, seeds=["75dc1917"]
[driver] conversation_send_message -> 200: {"command_id":"cmd-1789123364390-b64th1","status":"accepted"}
[sample 0.2min] timeline_dir=0.22MB (D220KB/10s) files=75dc1917.json
[sample 0.3min] timeline_dir=0.46MB (D253KB/10s) files=75dc1917.json
[sample 0.5min] timeline_dir=0.71MB (D249KB/10s) files=75dc1917.json
[sample 0.7min] timeline_dir=0.92MB (D224KB/10s) files=75dc1917.json
[sample 0.8min] timeline_dir=1.17MB (D249KB/10s) files=75dc1917.json
[sample 1.0min] timeline_dir=1.41MB (D250KB/10s) files=75dc1917.json
[sample 1.2min] timeline_dir=1.66MB (D252KB/10s) files=75dc1917.json
[sample 1.3min] timeline_dir=1.89MB (D234KB/10s) files=75dc1917.json
[sample 1.5min] timeline_dir=2.13MB (D251KB/10s) files=75dc1917.json
[sample 1.7min] timeline_dir=2.35MB (D228KB/10s) files=75dc1917.json
[sample 1.8min] timeline_dir=2.56MB (D205KB/10s) files=75dc1917.json
[sample 2.0min] timeline_dir=2.64MB (D86KB/10s) files=75dc1917.json
[sample 2.2min] timeline_dir=2.73MB (D94KB/10s) files=75dc1917.json
[sample 2.3min] timeline_dir=2.82MB (D90KB/10s) files=75dc1917.json
[sample 2.5min] timeline_dir=2.91MB (D95KB/10s) files=75dc1917.json
[sample 2.7min] timeline_dir=3.00MB (D86KB/10s) files=75dc1917.json
[sample 2.8min] timeline_dir=3.08MB (D91KB/10s) files=75dc1917.json
[sample 3.0min] timeline_dir=3.18MB (D96KB/10s) files=75dc1917.json
[sample 3.2min] timeline_dir=3.27MB (D91KB/10s) files=75dc1917.json
[sample 3.3min] timeline_dir=3.36MB (D100KB/10s) files=75dc1917.json
[sample 3.5min] timeline_dir=3.45MB (D87KB/10s) files=75dc1917.json
[sample 3.7min] timeline_dir=3.53MB (D87KB/10s) files=75dc1917.json
[sample 3.8min] timeline_dir=3.63MB (D100KB/10s) files=75dc1917.json
[sample 4.0min] timeline_dir=3.72MB (D91KB/10s) files=75dc1917.json
[sample 4.2min] timeline_dir=3.81MB (D86KB/10s) files=75dc1917.json
[sample 4.3min] timeline_dir=3.90MB (D98KB/10s) files=75dc1917.json
[sample 4.5min] timeline_dir=3.99MB (D90KB/10s) files=75dc1917.json
[sample 4.7min] timeline_dir=4.07MB (D87KB/10s) files=75dc1917.json
[sample 4.8min] timeline_dir=4.16MB (D91KB/10s) files=75dc1917.json
[sample 5.0min] timeline_dir=4.25MB (D91KB/10s) files=75dc1917.json
[sample 5.2min] timeline_dir=4.34MB (D91KB/10s) files=75dc1917.json
[sample 5.3min] timeline_dir=4.42MB (D87KB/10s) files=75dc1917.json
[sample 5.5min] timeline_dir=4.51MB (D91KB/10s) files=75dc1917.json
[sample 5.7min] timeline_dir=4.60MB (D91KB/10s) files=75dc1917.json
[sample 5.8min] timeline_dir=4.69MB (D93KB/10s) files=75dc1917.json
[sample 6.0min] timeline_dir=4.78MB (D92KB/10s) files=75dc1917.json
[sample 6.2min] timeline_dir=4.87MB (D92KB/10s) files=75dc1917.json
[sample 6.3min] timeline_dir=4.97MB (D96KB/10s) files=75dc1917.json
[sample 6.5min] timeline_dir=5.06MB (D92KB/10s) files=75dc1917.json
[sample 6.7min] timeline_dir=5.15MB (D92KB/10s) files=75dc1917.json
[sample 6.8min] timeline_dir=5.24MB (D92KB/10s) files=75dc1917.json
[sample 7.0min] timeline_dir=5.32MB (D84KB/10s) files=75dc1917.json
[sample 7.2min] timeline_dir=5.41MB (D92KB/10s) files=75dc1917.json
[sample 7.3min] timeline_dir=5.50MB (D92KB/10s) files=75dc1917.json
[sample 7.5min] timeline_dir=5.59MB (D93KB/10s) files=75dc1917.json
[sample 7.7min] timeline_dir=5.67MB (D85KB/10s) files=75dc1917.json
[sample 7.8min] timeline_dir=5.77MB (D97KB/10s) files=75dc1917.json
[sample 8.0min] timeline_dir=5.86MB (D93KB/10s) files=75dc1917.json
[sample 8.2min] timeline_dir=5.94MB (D84KB/10s) files=75dc1917.json
[sample 8.3min] timeline_dir=6.03MB (D97KB/10s) files=75dc1917.json
[sample 8.5min] timeline_dir=6.12MB (D84KB/10s) files=75dc1917.json
[sample 8.7min] timeline_dir=6.21MB (D93KB/10s) files=75dc1917.json
[sample 8.8min] timeline_dir=6.30MB (D97KB/10s) files=75dc1917.json
[sample 9.0min] timeline_dir=6.38MB (D80KB/10s) files=75dc1917.json
[sample 9.2min] timeline_dir=6.44MB (D63KB/10s) files=75dc1917.json
[sample 9.3min] timeline_dir=6.50MB (D57KB/10s) files=75dc1917.json
[sample 9.5min] timeline_dir=6.55MB (D58KB/10s) files=75dc1917.json
[sample 9.7min] timeline_dir=6.61MB (D59KB/10s) files=75dc1917.json
[sample 9.8min] timeline_dir=6.66MB (D51KB/10s) files=75dc1917.json
[sample 10.0min] timeline_dir=6.72MB (D58KB/10s) files=75dc1917.json
[sample 10.2min] timeline_dir=6.79MB (D72KB/10s) files=75dc1917.json
[sample 10.3min] timeline_dir=6.85MB (D63KB/10s) files=75dc1917.json
[sample 10.5min] timeline_dir=6.90MB (D57KB/10s) files=75dc1917.json
[sample 10.7min] timeline_dir=6.97MB (D71KB/10s) files=75dc1917.json
[sample 10.8min] timeline_dir=7.04MB (D72KB/10s) files=75dc1917.json
[sample 11.0min] timeline_dir=7.11MB (D72KB/10s) files=75dc1917.json
[sample 11.2min] timeline_dir=7.18MB (D63KB/10s) files=75dc1917.json
[sample 11.3min] timeline_dir=7.24MB (D70KB/10s) files=75dc1917.json
[sample 11.5min] timeline_dir=7.33MB (D85KB/10s) files=75dc1917.json
[sample 11.7min] timeline_dir=7.38MB (D57KB/10s) files=75dc1917.json
[sample 11.8min] timeline_dir=7.46MB (D78KB/10s) files=75dc1917.json
[sample 12.0min] timeline_dir=7.53MB (D72KB/10s) files=75dc1917.json
[sample 12.2min] timeline_dir=7.60MB (D71KB/10s) files=75dc1917.json
[sample 12.3min] timeline_dir=7.67MB (D73KB/10s) files=75dc1917.json
[sample 12.5min] timeline_dir=7.74MB (D74KB/10s) files=75dc1917.json
[sample 12.7min] timeline_dir=7.81MB (D71KB/10s) files=75dc1917.json
[sample 12.8min] timeline_dir=7.90MB (D87KB/10s) files=75dc1917.json
[sample 13.0min] timeline_dir=7.97MB (D76KB/10s) files=75dc1917.json
[sample 13.2min] timeline_dir=8.04MB (D69KB/10s) files=75dc1917.json
[sample 13.3min] timeline_dir=8.11MB (D72KB/10s) files=75dc1917.json
[sample 13.5min] timeline_dir=8.18MB (D76KB/10s) files=75dc1917.json
[sample 13.7min] timeline_dir=8.25MB (D73KB/10s) files=75dc1917.json
[sample 13.8min] timeline_dir=8.34MB (D86KB/10s) files=75dc1917.json
[sample 14.0min] timeline_dir=8.42MB (D85KB/10s) files=75dc1917.json
[sample 14.2min] timeline_dir=8.49MB (D72KB/10s) files=75dc1917.json
[sample 14.3min] timeline_dir=8.57MB (D77KB/10s) files=75dc1917.json
[sample 14.5min] timeline_dir=8.65MB (D85KB/10s) files=75dc1917.json
[sample 14.7min] timeline_dir=8.73MB (D86KB/10s) files=75dc1917.json
[sample 14.8min] timeline_dir=8.81MB (D75KB/10s) files=75dc1917.json
[sample 15.0min] timeline_dir=8.89MB (D87KB/10s) files=75dc1917.json
[sample 15.2min] timeline_dir=8.96MB (D71KB/10s) files=75dc1917.json
[sample 15.3min] timeline_dir=9.04MB (D80KB/10s) files=75dc1917.json
[sample 15.5min] timeline_dir=9.12MB (D85KB/10s) files=75dc1917.json
[sample 15.7min] timeline_dir=9.20MB (D86KB/10s) files=75dc1917.json
[sample 15.8min] timeline_dir=9.28MB (D76KB/10s) files=75dc1917.json
[sample 16.0min] timeline_dir=9.36MB (D87KB/10s) files=75dc1917.json
[sample 16.2min] timeline_dir=9.43MB (D73KB/10s) files=75dc1917.json
[sample 16.3min] timeline_dir=9.52MB (D90KB/10s) files=75dc1917.json
[sample 16.5min] timeline_dir=9.60MB (D83KB/10s) files=75dc1917.json
[sample 16.7min] timeline_dir=9.67MB (D73KB/10s) files=75dc1917.json
[sample 16.8min] timeline_dir=9.77MB (D98KB/10s) files=75dc1917.json
[sample 17.0min] timeline_dir=9.83MB (D63KB/10s) files=75dc1917.json
[sample 17.2min] timeline_dir=9.92MB (D88KB/10s) files=75dc1917.json
[sample 17.3min] timeline_dir=10.01MB (D99KB/10s) files=75dc1917.json
[sample 17.5min] timeline_dir=10.08MB (D70KB/10s) files=75dc1917.json
[sample 17.7min] timeline_dir=10.17MB (D91KB/10s) files=75dc1917.json
[sample 17.8min] timeline_dir=10.26MB (D87KB/10s) files=75dc1917.json
[sample 18.0min] timeline_dir=10.32MB (D62KB/10s) files=75dc1917.json
[sample 18.2min] timeline_dir=10.42MB (D102KB/10s) files=75dc1917.json
[sample 18.3min] timeline_dir=10.50MB (D85KB/10s) files=75dc1917.json
[sample 18.5min] timeline_dir=10.57MB (D76KB/10s) files=75dc1917.json
[sample 18.7min] timeline_dir=10.66MB (D88KB/10s) files=75dc1917.json
[sample 18.8min] timeline_dir=10.74MB (D85KB/10s) files=75dc1917.json
[sample 19.0min] timeline_dir=10.82MB (D77KB/10s) files=75dc1917.json
[sample 19.2min] timeline_dir=10.92MB (D99KB/10s) files=75dc1917.json
[sample 19.3min] timeline_dir=10.99MB (D72KB/10s) files=75dc1917.json
[sample 19.5min] timeline_dir=11.08MB (D91KB/10s) files=75dc1917.json
[sample 19.7min] timeline_dir=11.16MB (D88KB/10s) files=75dc1917.json
[sample 19.8min] timeline_dir=11.24MB (D85KB/10s) files=75dc1917.json
[sample 20.0min] timeline_dir=11.32MB (D77KB/10s) files=75dc1917.json
[sample 20.2min] timeline_dir=11.40MB (D85KB/10s) files=75dc1917.json
[sample 20.3min] timeline_dir=11.50MB (D101KB/10s) files=75dc1917.json
[sample 20.5min] timeline_dir=11.58MB (D79KB/10s) files=75dc1917.json
[sample 20.7min] timeline_dir=11.66MB (D86KB/10s) files=75dc1917.json
[sample 20.8min] timeline_dir=11.74MB (D85KB/10s) files=75dc1917.json
[sample 21.0min] timeline_dir=11.83MB (D86KB/10s) files=75dc1917.json
[sample 21.2min] timeline_dir=11.90MB (D78KB/10s) files=75dc1917.json
[sample 21.3min] timeline_dir=12.00MB (D101KB/10s) files=75dc1917.json
[sample 21.5min] timeline_dir=12.08MB (D78KB/10s) files=75dc1917.json
[sample 21.7min] timeline_dir=12.16MB (D88KB/10s) files=75dc1917.json
[sample 21.8min] timeline_dir=12.25MB (D87KB/10s) files=75dc1917.json
[sample 22.0min] timeline_dir=12.34MB (D93KB/10s) files=75dc1917.json
[sample 22.2min] timeline_dir=12.43MB (D89KB/10s) files=75dc1917.json
[sample 22.3min] timeline_dir=12.51MB (D86KB/10s) files=75dc1917.json
[sample 22.5min] timeline_dir=12.59MB (D79KB/10s) files=75dc1917.json
[sample 22.7min] timeline_dir=12.67MB (D85KB/10s) files=75dc1917.json
[sample 22.8min] timeline_dir=12.76MB (D93KB/10s) files=75dc1917.json
[sample 23.0min] timeline_dir=12.85MB (D89KB/10s) files=75dc1917.json
[sample 23.2min] timeline_dir=12.93MB (D87KB/10s) files=75dc1917.json
[sample 23.3min] timeline_dir=13.02MB (D93KB/10s) files=75dc1917.json
[sample 23.5min] timeline_dir=13.09MB (D73KB/10s) files=75dc1917.json
[sample 23.7min] timeline_dir=13.18MB (D91KB/10s) files=75dc1917.json
[sample 23.8min] timeline_dir=13.27MB (D87KB/10s) files=75dc1917.json
[sample 24.0min] timeline_dir=13.37MB (D102KB/10s) files=75dc1917.json
[sample 24.2min] timeline_dir=13.44MB (D79KB/10s) files=75dc1917.json
[sample 24.3min] timeline_dir=13.53MB (D86KB/10s) files=75dc1917.json
[sample 24.5min] timeline_dir=13.62MB (D93KB/10s) files=75dc1917.json
[sample 24.7min] timeline_dir=13.69MB (D73KB/10s) files=75dc1917.json
[sample 24.8min] timeline_dir=13.79MB (D101KB/10s) files=75dc1917.json
[sample 25.0min] timeline_dir=13.87MB (D79KB/10s) files=75dc1917.json
[sample 25.2min] timeline_dir=13.95MB (D88KB/10s) files=75dc1917.json
[sample 25.3min] timeline_dir=14.04MB (D87KB/10s) files=75dc1917.json
[sample 25.5min] timeline_dir=14.13MB (D93KB/10s) files=75dc1917.json
[sample 25.7min] timeline_dir=14.21MB (D88KB/10s) files=75dc1917.json
[sample 25.8min] timeline_dir=14.29MB (D79KB/10s) files=75dc1917.json
[sample 26.0min] timeline_dir=14.39MB (D100KB/10s) files=75dc1917.json
[sample 26.2min] timeline_dir=14.46MB (D76KB/10s) files=75dc1917.json
[sample 26.3min] timeline_dir=14.57MB (D104KB/10s) files=75dc1917.json
[sample 26.5min] timeline_dir=14.64MB (D75KB/10s) files=75dc1917.json
[sample 26.7min] timeline_dir=14.73MB (D92KB/10s) files=75dc1917.json
[sample 26.8min] timeline_dir=14.81MB (D87KB/10s) files=75dc1917.json
[sample 27.0min] timeline_dir=14.90MB (D92KB/10s) files=75dc1917.json
[sample 27.2min] timeline_dir=14.98MB (D75KB/10s) files=75dc1917.json
[sample 27.3min] timeline_dir=15.07MB (D94KB/10s) files=75dc1917.json
[sample 27.5min] timeline_dir=15.15MB (D86KB/10s) files=75dc1917.json
[sample 27.7min] timeline_dir=15.25MB (D102KB/10s) files=75dc1917.json
[sample 27.8min] timeline_dir=15.33MB (D78KB/10s) files=75dc1917.json
[sample 28.0min] timeline_dir=15.41MB (D88KB/10s) files=75dc1917.json
[sample 28.2min] timeline_dir=15.50MB (D93KB/10s) files=75dc1917.json
[sample 28.3min] timeline_dir=15.59MB (D88KB/10s) files=75dc1917.json
[sample 28.5min] timeline_dir=15.68MB (D94KB/10s) files=75dc1917.json
[sample 28.7min] timeline_dir=15.75MB (D73KB/10s) files=75dc1917.json
[sample 28.8min] timeline_dir=15.85MB (D103KB/10s) files=75dc1917.json
[sample 29.0min] timeline_dir=15.93MB (D79KB/10s) files=75dc1917.json
[sample 29.2min] timeline_dir=16.03MB (D103KB/10s) files=75dc1917.json
[sample 29.3min] timeline_dir=16.11MB (D79KB/10s) files=75dc1917.json
[sample 29.5min] timeline_dir=16.20MB (D90KB/10s) files=75dc1917.json
[sample 29.7min] timeline_dir=16.28MB (D88KB/10s) files=75dc1917.json
[sample 29.8min] timeline_dir=16.37MB (D95KB/10s) files=75dc1917.json
[sample 30.0min] timeline_dir=16.46MB (D88KB/10s) files=75dc1917.json
[sample 30.2min] timeline_dir=16.69MB (D236KB/10s) files=75dc1917.json
[sample 30.3min] timeline_dir=16.92MB (D237KB/10s) files=75dc1917.json
[sample 30.5min] timeline_dir=34.30MB (D17797KB/10s) files=75dc1917.json,75dc1917.json.tmp
[sample 30.7min] timeline_dir=17.39MB (D-17316KB/10s) files=75dc1917.json
[sample 30.8min] timeline_dir=17.62MB (D233KB/10s) files=75dc1917.json
[sample 31.0min] timeline_dir=17.86MB (D251KB/10s) files=75dc1917.json
[sample 31.2min] timeline_dir=18.09MB (D234KB/10s) files=75dc1917.json
[sample 31.3min] timeline_dir=18.34MB (D249KB/10s) files=75dc1917.json
[sample 31.5min] timeline_dir=18.42MB (D83KB/10s) files=75dc1917.json
[sample 31.7min] timeline_dir=18.51MB (D94KB/10s) files=75dc1917.json
[sample 31.8min] timeline_dir=10.58MB (D-8115KB/10s) files=75dc1917.json
[sample 32.0min] timeline_dir=10.67MB (D91KB/10s) files=75dc1917.json
[sample 32.2min] timeline_dir=10.77MB (D99KB/10s) files=75dc1917.json
[sample 32.3min] timeline_dir=10.85MB (D87KB/10s) files=75dc1917.json
[sample 32.5min] timeline_dir=10.94MB (D91KB/10s) files=75dc1917.json
[sample 32.7min] timeline_dir=11.04MB (D100KB/10s) files=75dc1917.json
[sample 32.8min] timeline_dir=11.13MB (D92KB/10s) files=75dc1917.json
[sample 33.0min] timeline_dir=11.21MB (D87KB/10s) files=75dc1917.json
[sample 33.2min] timeline_dir=11.30MB (D92KB/10s) files=75dc1917.json
[sample 33.3min] timeline_dir=11.39MB (D91KB/10s) files=75dc1917.json
[sample 33.5min] timeline_dir=11.48MB (D92KB/10s) files=75dc1917.json
[sample 33.7min] timeline_dir=11.57MB (D91KB/10s) files=75dc1917.json
[sample 33.8min] timeline_dir=11.67MB (D102KB/10s) files=75dc1917.json
[sample 34.0min] timeline_dir=11.76MB (D92KB/10s) files=75dc1917.json
[sample 34.2min] timeline_dir=11.85MB (D91KB/10s) files=75dc1917.json
[sample 34.3min] timeline_dir=11.94MB (D91KB/10s) files=75dc1917.json
[sample 34.5min] timeline_dir=12.03MB (D92KB/10s) files=75dc1917.json
[sample 34.7min] timeline_dir=12.12MB (D92KB/10s) files=75dc1917.json
[sample 34.8min] timeline_dir=12.20MB (D79KB/10s) files=75dc1917.json
[sample 35.0min] timeline_dir=12.29MB (D92KB/10s) files=75dc1917.json
[sample 35.2min] timeline_dir=12.38MB (D92KB/10s) files=75dc1917.json
[sample 35.3min] timeline_dir=12.47MB (D96KB/10s) files=75dc1917.json
[sample 35.5min] timeline_dir=12.56MB (D93KB/10s) files=75dc1917.json
[sample 35.7min] timeline_dir=12.65MB (D93KB/10s) files=75dc1917.json
[sample 35.8min] timeline_dir=12.73MB (D84KB/10s) files=75dc1917.json
[sample 36.0min] timeline_dir=12.82MB (D92KB/10s) files=75dc1917.json
[sample 36.2min] timeline_dir=12.92MB (D97KB/10s) files=75dc1917.json
[sample 36.3min] timeline_dir=13.01MB (D93KB/10s) files=75dc1917.json
[sample 36.5min] timeline_dir=13.09MB (D84KB/10s) files=75dc1917.json
[sample 36.7min] timeline_dir=13.18MB (D93KB/10s) files=75dc1917.json
[sample 36.8min] timeline_dir=13.28MB (D97KB/10s) files=75dc1917.json
[sample 37.0min] timeline_dir=13.36MB (D84KB/10s) files=75dc1917.json
[sample 37.2min] timeline_dir=13.45MB (D94KB/10s) files=75dc1917.json
[sample 37.3min] timeline_dir=13.54MB (D97KB/10s) files=75dc1917.json
[sample 37.5min] timeline_dir=13.63MB (D84KB/10s) files=75dc1917.json
[sample 37.7min] timeline_dir=13.72MB (D93KB/10s) files=75dc1917.json
[sample 37.8min] timeline_dir=13.80MB (D84KB/10s) files=75dc1917.json
[sample 38.0min] timeline_dir=13.90MB (D98KB/10s) files=75dc1917.json
[sample 38.2min] timeline_dir=13.98MB (D85KB/10s) files=75dc1917.json
[sample 38.3min] timeline_dir=14.07MB (D98KB/10s) files=75dc1917.json
[sample 38.5min] timeline_dir=14.16MB (D85KB/10s) files=75dc1917.json
[sample 38.7min] timeline_dir=14.25MB (D98KB/10s) files=75dc1917.json
[sample 38.8min] timeline_dir=14.34MB (D86KB/10s) files=75dc1917.json
[sample 39.0min] timeline_dir=14.42MB (D81KB/10s) files=75dc1917.json
[sample 39.2min] timeline_dir=14.48MB (D63KB/10s) files=75dc1917.json
[sample 39.3min] timeline_dir=14.52MB (D42KB/10s) files=75dc1917.json
[sample 39.5min] timeline_dir=14.57MB (D56KB/10s) files=75dc1917.json
[sample 39.7min] timeline_dir=14.64MB (D65KB/10s) files=75dc1917.json
[sample 39.8min] timeline_dir=14.70MB (D69KB/10s) files=75dc1917.json
[sample 40.0min] timeline_dir=14.77MB (D65KB/10s) files=75dc1917.json
[sample 40.2min] timeline_dir=14.83MB (D63KB/10s) files=75dc1917.json
[sample 40.3min] timeline_dir=14.90MB (D68KB/10s) files=75dc1917.json
[sample 40.5min] timeline_dir=14.95MB (D55KB/10s) files=75dc1917.json
[sample 40.7min] timeline_dir=15.03MB (D79KB/10s) files=75dc1917.json
[sample 40.8min] timeline_dir=15.08MB (D55KB/10s) files=75dc1917.json
[sample 41.0min] timeline_dir=15.15MB (D76KB/10s) files=75dc1917.json
[sample 41.2min] timeline_dir=15.21MB (D55KB/10s) files=75dc1917.json
[sample 41.3min] timeline_dir=15.28MB (D77KB/10s) files=75dc1917.json
[sample 41.5min] timeline_dir=15.35MB (D69KB/10s) files=75dc1917.json
[sample 41.7min] timeline_dir=15.43MB (D77KB/10s) files=75dc1917.json
[sample 41.8min] timeline_dir=15.49MB (D68KB/10s) files=75dc1917.json
[sample 42.0min] timeline_dir=15.57MB (D78KB/10s) files=75dc1917.json
[sample 42.2min] timeline_dir=15.64MB (D68KB/10s) files=75dc1917.json
[sample 42.3min] timeline_dir=15.71MB (D77KB/10s) files=75dc1917.json
[sample 42.5min] timeline_dir=15.78MB (D69KB/10s) files=75dc1917.json
[sample 42.7min] timeline_dir=15.86MB (D82KB/10s) files=75dc1917.json
[sample 42.8min] timeline_dir=15.93MB (D76KB/10s) files=75dc1917.json
[sample 43.0min] timeline_dir=16.00MB (D69KB/10s) files=75dc1917.json
[sample 43.2min] timeline_dir=16.07MB (D77KB/10s) files=75dc1917.json
[sample 43.3min] timeline_dir=16.16MB (D84KB/10s) files=75dc1917.json
[sample 43.5min] timeline_dir=16.23MB (D76KB/10s) files=75dc1917.json
[sample 43.7min] timeline_dir=16.31MB (D77KB/10s) files=75dc1917.json
[sample 43.8min] timeline_dir=16.39MB (D84KB/10s) files=75dc1917.json
[sample 44.0min] timeline_dir=16.45MB (D67KB/10s) files=75dc1917.json
[sample 44.2min] timeline_dir=16.54MB (D93KB/10s) files=75dc1917.json
[sample 44.3min] timeline_dir=16.61MB (D68KB/10s) files=75dc1917.json
[sample 44.5min] timeline_dir=16.68MB (D76KB/10s) files=75dc1917.json
[sample 44.7min] timeline_dir=16.76MB (D82KB/10s) files=75dc1917.json
[sample 44.8min] timeline_dir=16.85MB (D88KB/10s) files=75dc1917.json
[sample 45.0min] timeline_dir=16.93MB (D86KB/10s) files=75dc1917.json
[sample 45.2min] timeline_dir=17.01MB (D78KB/10s) files=75dc1917.json
[sample 45.3min] timeline_dir=17.07MB (D68KB/10s) files=75dc1917.json
[sample 45.5min] timeline_dir=17.16MB (D83KB/10s) files=75dc1917.json
[sample 45.7min] timeline_dir=17.23MB (D78KB/10s) files=75dc1917.json
[sample 45.8min] timeline_dir=17.33MB (D95KB/10s) files=75dc1917.json
[sample 46.0min] timeline_dir=17.40MB (D78KB/10s) files=75dc1917.json
[sample 46.2min] timeline_dir=17.47MB (D68KB/10s) files=75dc1917.json
[sample 46.3min] timeline_dir=17.57MB (D103KB/10s) files=75dc1917.json
[sample 46.5min] timeline_dir=17.64MB (D69KB/10s) files=75dc1917.json
[sample 46.7min] timeline_dir=17.72MB (D84KB/10s) files=75dc1917.json
[sample 46.8min] timeline_dir=17.81MB (D90KB/10s) files=75dc1917.json
[sample 47.0min] timeline_dir=17.88MB (D77KB/10s) files=75dc1917.json
[sample 47.2min] timeline_dir=17.96MB (D81KB/10s) files=75dc1917.json
[sample 47.3min] timeline_dir=18.05MB (D91KB/10s) files=75dc1917.json
[sample 47.5min] timeline_dir=18.13MB (D85KB/10s) files=75dc1917.json
[sample 47.7min] timeline_dir=18.20MB (D68KB/10s) files=75dc1917.json
[sample 47.8min] timeline_dir=18.29MB (D90KB/10s) files=75dc1917.json
[sample 48.0min] timeline_dir=18.37MB (D84KB/10s) files=75dc1917.json
[sample 48.2min] timeline_dir=18.46MB (D91KB/10s) files=75dc1917.json
[sample 48.3min] timeline_dir=18.53MB (D68KB/10s) files=75dc1917.json
[sample 48.5min] timeline_dir=18.62MB (D98KB/10s) files=75dc1917.json
[sample 48.7min] timeline_dir=18.70MB (D80KB/10s) files=75dc1917.json
[sample 48.8min] timeline_dir=18.78MB (D83KB/10s) files=75dc1917.json
[sample 49.0min] timeline_dir=18.86MB (D84KB/10s) files=75dc1917.json
[sample 49.2min] timeline_dir=18.95MB (D92KB/10s) files=75dc1917.json
[sample 49.3min] timeline_dir=19.02MB (D70KB/10s) files=75dc1917.json
[sample 49.5min] timeline_dir=19.12MB (D106KB/10s) files=75dc1917.json
[sample 49.7min] timeline_dir=19.19MB (D68KB/10s) files=75dc1917.json
[sample 49.8min] timeline_dir=19.29MB (D98KB/10s) files=75dc1917.json
[sample 50.0min] timeline_dir=19.36MB (D79KB/10s) files=75dc1917.json
[sample 50.2min] timeline_dir=19.45MB (D84KB/10s) files=75dc1917.json
[sample 50.3min] timeline_dir=19.53MB (D84KB/10s) files=75dc1917.json
[sample 50.5min] timeline_dir=19.62MB (D90KB/10s) files=75dc1917.json
[sample 50.7min] timeline_dir=19.70MB (D91KB/10s) files=75dc1917.json
[sample 50.8min] timeline_dir=19.79MB (D85KB/10s) files=75dc1917.json
[sample 51.0min] timeline_dir=19.87MB (D84KB/10s) files=75dc1917.json
[sample 51.2min] timeline_dir=19.95MB (D79KB/10s) files=75dc1917.json
[sample 51.3min] timeline_dir=20.04MB (D97KB/10s) files=75dc1917.json
[sample 51.5min] timeline_dir=20.12MB (D82KB/10s) files=75dc1917.json
[sample 51.7min] timeline_dir=20.20MB (D79KB/10s) files=75dc1917.json
[sample 51.8min] timeline_dir=20.29MB (D98KB/10s) files=75dc1917.json
[sample 52.0min] timeline_dir=20.36MB (D71KB/10s) files=75dc1917.json
[sample 52.2min] timeline_dir=20.45MB (D92KB/10s) files=75dc1917.json
[sample 52.3min] timeline_dir=20.55MB (D99KB/10s) files=75dc1917.json
[sample 52.5min] timeline_dir=20.63MB (D80KB/10s) files=75dc1917.json
[sample 52.7min] timeline_dir=20.71MB (D83KB/10s) files=75dc1917.json
[sample 52.8min] timeline_dir=20.80MB (D93KB/10s) files=75dc1917.json
[sample 53.0min] timeline_dir=20.88MB (D85KB/10s) files=75dc1917.json
[sample 53.2min] timeline_dir=20.96MB (D81KB/10s) files=75dc1917.json
[sample 53.3min] timeline_dir=21.05MB (D92KB/10s) files=75dc1917.json
[sample 53.5min] timeline_dir=21.13MB (D86KB/10s) files=75dc1917.json
[sample 53.7min] timeline_dir=21.22MB (D84KB/10s) files=75dc1917.json
[sample 53.8min] timeline_dir=21.31MB (D93KB/10s) files=75dc1917.json
[sample 54.0min] timeline_dir=21.39MB (D85KB/10s) files=75dc1917.json
[sample 54.2min] timeline_dir=21.47MB (D83KB/10s) files=75dc1917.json
[sample 54.3min] timeline_dir=21.56MB (D93KB/10s) files=75dc1917.json
[sample 54.5min] timeline_dir=21.65MB (D86KB/10s) files=75dc1917.json
[sample 54.7min] timeline_dir=21.73MB (D86KB/10s) files=75dc1917.json
[sample 54.8min] timeline_dir=21.82MB (D92KB/10s) files=75dc1917.json
[sample 55.0min] timeline_dir=21.90MB (D83KB/10s) files=75dc1917.json
[sample 55.2min] timeline_dir=21.99MB (D87KB/10s) files=75dc1917.json
[sample 55.3min] timeline_dir=22.08MB (D94KB/10s) files=75dc1917.json
[sample 55.5min] timeline_dir=22.16MB (D84KB/10s) files=75dc1917.json
[sample 55.7min] timeline_dir=22.24MB (D85KB/10s) files=75dc1917.json
[sample 55.8min] timeline_dir=22.33MB (D86KB/10s) files=75dc1917.json
[sample 56.0min] timeline_dir=22.42MB (D93KB/10s) files=75dc1917.json
[sample 56.2min] timeline_dir=22.50MB (D85KB/10s) files=75dc1917.json
[sample 56.3min] timeline_dir=22.59MB (D94KB/10s) files=75dc1917.json
[sample 56.5min] timeline_dir=22.68MB (D88KB/10s) files=75dc1917.json
[sample 56.7min] timeline_dir=22.76MB (D83KB/10s) files=75dc1917.json
[sample 56.8min] timeline_dir=22.85MB (D87KB/10s) files=75dc1917.json
[sample 57.0min] timeline_dir=22.94MB (D96KB/10s) files=75dc1917.json
[sample 57.2min] timeline_dir=23.01MB (D73KB/10s) files=75dc1917.json
[sample 57.3min] timeline_dir=23.11MB (D100KB/10s) files=75dc1917.json
[sample 57.5min] timeline_dir=23.19MB (D84KB/10s) files=75dc1917.json
[sample 57.7min] timeline_dir=23.28MB (D96KB/10s) files=75dc1917.json
[sample 57.8min] timeline_dir=23.35MB (D73KB/10s) files=75dc1917.json
[sample 58.0min] timeline_dir=23.45MB (D102KB/10s) files=75dc1917.json
[sample 58.2min] timeline_dir=23.54MB (D84KB/10s) files=75dc1917.json
[sample 58.3min] timeline_dir=23.63MB (D95KB/10s) files=75dc1917.json
[sample 58.5min] timeline_dir=23.71MB (D87KB/10s) files=75dc1917.json
[sample 58.7min] timeline_dir=23.78MB (D72KB/10s) files=75dc1917.json
[sample 58.8min] timeline_dir=23.88MB (D102KB/10s) files=75dc1917.json
[sample 59.0min] timeline_dir=23.97MB (D88KB/10s) files=75dc1917.json
[sample 59.2min] timeline_dir=24.06MB (D94KB/10s) files=75dc1917.json
[sample 59.3min] timeline_dir=24.13MB (D73KB/10s) files=75dc1917.json
[sample 59.5min] timeline_dir=24.22MB (D87KB/10s) files=75dc1917.json
[sample 59.7min] timeline_dir=24.32MB (D102KB/10s) files=75dc1917.json
[sample 59.8min] timeline_dir=24.41MB (D95KB/10s) files=75dc1917.json
[sample 60.0min] timeline_dir=24.49MB (D86KB/10s) files=75dc1917.json
[sample 60.2min] timeline_dir=24.72MB (D227KB/10s) files=75dc1917.json
[sample 60.3min] timeline_dir=24.95MB (D242KB/10s) files=75dc1917.json
[sample 60.5min] timeline_dir=25.20MB (D256KB/10s) files=75dc1917.json
[sample 60.7min] timeline_dir=25.44MB (D238KB/10s) files=75dc1917.json
[sample 60.8min] timeline_dir=25.67MB (D243KB/10s) files=75dc1917.json
[sample 61.0min] timeline_dir=25.90MB (D230KB/10s) files=75dc1917.json
[sample 61.2min] timeline_dir=26.14MB (D244KB/10s) files=75dc1917.json
[sample 61.3min] timeline_dir=26.36MB (D230KB/10s) files=75dc1917.json
[sample 61.5min] timeline_dir=26.46MB (D98KB/10s) files=75dc1917.json
[sample 61.7min] timeline_dir=26.54MB (D83KB/10s) files=75dc1917.json
[sample 61.8min] timeline_dir=18.61MB (D-8119KB/10s) files=75dc1917.json
[sample 62.0min] timeline_dir=18.70MB (D92KB/10s) files=75dc1917.json
[sample 62.2min] timeline_dir=18.79MB (D87KB/10s) files=75dc1917.json
[sample 62.3min] timeline_dir=18.88MB (D92KB/10s) files=75dc1917.json
[sample 62.5min] timeline_dir=18.97MB (D92KB/10s) files=75dc1917.json
[sample 62.7min] timeline_dir=19.06MB (D92KB/10s) files=75dc1917.json
[sample 62.8min] timeline_dir=19.15MB (D93KB/10s) files=75dc1917.json
[sample 63.0min] timeline_dir=19.24MB (D93KB/10s) files=75dc1917.json
[sample 63.2min] timeline_dir=19.33MB (D97KB/10s) files=75dc1917.json
[sample 63.3min] timeline_dir=19.42MB (D93KB/10s) files=75dc1917.json
[sample 63.5min] timeline_dir=19.51MB (D93KB/10s) files=75dc1917.json
[sample 63.7min] timeline_dir=19.60MB (D84KB/10s) files=75dc1917.json
[sample 63.8min] timeline_dir=19.69MB (D93KB/10s) files=75dc1917.json
[sample 64.0min] timeline_dir=19.78MB (D93KB/10s) files=75dc1917.json
[sample 64.2min] timeline_dir=19.87MB (D96KB/10s) files=75dc1917.json
[sample 64.3min] timeline_dir=19.95MB (D84KB/10s) files=75dc1917.json
[sample 64.5min] timeline_dir=20.05MB (D94KB/10s) files=75dc1917.json
[sample 64.7min] timeline_dir=20.14MB (D97KB/10s) files=75dc1917.json
[sample 64.8min] timeline_dir=20.22MB (D85KB/10s) files=75dc1917.json
[sample 65.0min] timeline_dir=20.31MB (D93KB/10s) files=75dc1917.json
[sample 65.2min] timeline_dir=40.81MB (D20983KB/10s) files=75dc1917.json,75dc1917.json.tmp
[sample 65.3min] timeline_dir=20.49MB (D-20801KB/10s) files=75dc1917.json
[sample 65.5min] timeline_dir=20.59MB (D98KB/10s) files=75dc1917.json
[sample 65.7min] timeline_dir=20.67MB (D86KB/10s) files=75dc1917.json
[sample 65.8min] timeline_dir=20.76MB (D85KB/10s) files=75dc1917.json
[sample 66.0min] timeline_dir=20.85MB (D98KB/10s) files=75dc1917.json
[sample 66.2min] timeline_dir=20.93MB (D85KB/10s) files=75dc1917.json
[sample 66.3min] timeline_dir=21.03MB (D98KB/10s) files=75dc1917.json
[sample 66.5min] timeline_dir=21.12MB (D90KB/10s) files=75dc1917.json
[sample 66.7min] timeline_dir=21.20MB (D86KB/10s) files=75dc1917.json
[sample 66.8min] timeline_dir=21.30MB (D98KB/10s) files=75dc1917.json
[sample 67.0min] timeline_dir=21.38MB (D86KB/10s) files=75dc1917.json
[sample 67.2min] timeline_dir=21.47MB (D90KB/10s) files=75dc1917.json
[sample 67.3min] timeline_dir=21.57MB (D99KB/10s) files=75dc1917.json
[sample 67.5min] timeline_dir=21.65MB (D86KB/10s) files=75dc1917.json
[sample 67.7min] timeline_dir=21.74MB (D90KB/10s) files=75dc1917.json
[sample 67.8min] timeline_dir=21.83MB (D91KB/10s) files=75dc1917.json
[sample 68.0min] timeline_dir=21.92MB (D100KB/10s) files=75dc1917.json
[sample 68.2min] timeline_dir=22.01MB (D86KB/10s) files=75dc1917.json
[sample 68.3min] timeline_dir=22.10MB (D90KB/10s) files=75dc1917.json
[sample 68.5min] timeline_dir=22.18MB (D90KB/10s) files=75dc1917.json
[sample 68.7min] timeline_dir=22.27MB (D87KB/10s) files=75dc1917.json
[sample 68.8min] timeline_dir=22.37MB (D104KB/10s) files=75dc1917.json
[sample 69.0min] timeline_dir=22.44MB (D74KB/10s) files=75dc1917.json
[sample 69.2min] timeline_dir=22.50MB (D61KB/10s) files=75dc1917.json
[sample 69.3min] timeline_dir=22.55MB (D48KB/10s) files=75dc1917.json
[sample 69.5min] timeline_dir=22.60MB (D48KB/10s) files=75dc1917.json
[sample 69.7min] timeline_dir=22.67MB (D71KB/10s) files=75dc1917.json
[sample 69.8min] timeline_dir=22.73MB (D61KB/10s) files=75dc1917.json
[sample 70.0min] timeline_dir=22.79MB (D63KB/10s) files=75dc1917.json
[sample 70.2min] timeline_dir=22.85MB (D61KB/10s) files=75dc1917.json
[sample 70.3min] timeline_dir=22.91MB (D63KB/10s) files=75dc1917.json
[sample 70.5min] timeline_dir=22.97MB (D62KB/10s) files=75dc1917.json
[sample 70.7min] timeline_dir=23.05MB (D84KB/10s) files=75dc1917.json
[sample 70.8min] timeline_dir=23.11MB (D62KB/10s) files=75dc1917.json
[sample 71.0min] timeline_dir=23.17MB (D61KB/10s) files=75dc1917.json
[sample 71.2min] timeline_dir=23.23MB (D61KB/10s) files=75dc1917.json
[sample 71.3min] timeline_dir=23.31MB (D84KB/10s) files=75dc1917.json
[sample 71.5min] timeline_dir=23.38MB (D69KB/10s) files=75dc1917.json
[sample 71.7min] timeline_dir=23.46MB (D83KB/10s) files=75dc1917.json
[sample 71.8min] timeline_dir=23.52MB (D62KB/10s) files=75dc1917.json
[sample 72.0min] timeline_dir=23.59MB (D73KB/10s) files=75dc1917.json
[sample 72.2min] timeline_dir=23.65MB (D62KB/10s) files=75dc1917.json
[sample 72.3min] timeline_dir=23.73MB (D83KB/10s) files=75dc1917.json
[sample 72.5min] timeline_dir=23.81MB (D77KB/10s) files=75dc1917.json
[sample 72.7min] timeline_dir=23.88MB (D74KB/10s) files=75dc1917.json
[sample 72.8min] timeline_dir=23.96MB (D77KB/10s) files=75dc1917.json
[sample 73.0min] timeline_dir=24.03MB (D75KB/10s) files=75dc1917.json
[sample 73.2min] timeline_dir=24.10MB (D76KB/10s) files=75dc1917.json
[sample 73.3min] timeline_dir=24.18MB (D74KB/10s) files=75dc1917.json
[sample 73.5min] timeline_dir=24.26MB (D84KB/10s) files=75dc1917.json
[sample 73.7min] timeline_dir=24.33MB (D73KB/10s) files=75dc1917.json
[sample 73.8min] timeline_dir=24.40MB (D77KB/10s) files=75dc1917.json
[sample 74.0min] timeline_dir=24.48MB (D74KB/10s) files=75dc1917.json
[sample 74.2min] timeline_dir=24.55MB (D76KB/10s) files=75dc1917.json
[sample 74.3min] timeline_dir=24.64MB (D89KB/10s) files=75dc1917.json
[sample 74.5min] timeline_dir=24.71MB (D75KB/10s) files=75dc1917.json
[sample 74.7min] timeline_dir=24.79MB (D84KB/10s) files=75dc1917.json
[sample 74.8min] timeline_dir=24.87MB (D75KB/10s) files=75dc1917.json
[sample 75.0min] timeline_dir=24.95MB (D88KB/10s) files=75dc1917.json
[sample 75.2min] timeline_dir=25.03MB (D75KB/10s) files=75dc1917.json
[sample 75.3min] timeline_dir=25.11MB (D84KB/10s) files=75dc1917.json
[sample 75.5min] timeline_dir=25.18MB (D74KB/10s) files=75dc1917.json
[sample 75.7min] timeline_dir=25.25MB (D76KB/10s) files=75dc1917.json
[sample 75.8min] timeline_dir=25.35MB (D104KB/10s) files=75dc1917.json
[sample 76.0min] timeline_dir=25.43MB (D77KB/10s) files=75dc1917.json
[sample 76.2min] timeline_dir=25.50MB (D73KB/10s) files=75dc1917.json
[sample 76.3min] timeline_dir=25.58MB (D76KB/10s) files=75dc1917.json
[sample 76.5min] timeline_dir=25.67MB (D97KB/10s) files=75dc1917.json
[sample 76.7min] timeline_dir=25.75MB (D78KB/10s) files=75dc1917.json
[sample 76.8min] timeline_dir=25.83MB (D87KB/10s) files=75dc1917.json
[sample 77.0min] timeline_dir=25.90MB (D75KB/10s) files=75dc1917.json
[sample 77.2min] timeline_dir=25.98MB (D74KB/10s) files=75dc1917.json
[sample 77.3min] timeline_dir=26.07MB (D97KB/10s) files=75dc1917.json
[sample 77.5min] timeline_dir=26.15MB (D83KB/10s) files=75dc1917.json
[sample 77.7min] timeline_dir=26.22MB (D74KB/10s) files=75dc1917.json
[sample 77.8min] timeline_dir=26.32MB (D98KB/10s) files=75dc1917.json
[sample 78.0min] timeline_dir=26.39MB (D73KB/10s) files=75dc1917.json
[sample 78.2min] timeline_dir=26.48MB (D89KB/10s) files=75dc1917.json
[sample 78.3min] timeline_dir=26.55MB (D75KB/10s) files=75dc1917.json
[sample 78.5min] timeline_dir=26.65MB (D98KB/10s) files=75dc1917.json
[sample 78.7min] timeline_dir=26.72MB (D77KB/10s) files=75dc1917.json
[sample 78.8min] timeline_dir=26.81MB (D87KB/10s) files=75dc1917.json
[sample 79.0min] timeline_dir=26.88MB (D76KB/10s) files=75dc1917.json
[sample 79.2min] timeline_dir=26.98MB (D104KB/10s) files=75dc1917.json
[sample 79.3min] timeline_dir=27.06MB (D76KB/10s) files=75dc1917.json
[sample 79.5min] timeline_dir=27.14MB (D88KB/10s) files=75dc1917.json
[sample 79.7min] timeline_dir=27.22MB (D75KB/10s) files=75dc1917.json
[sample 79.8min] timeline_dir=27.31MB (D98KB/10s) files=75dc1917.json
[sample 80.0min] timeline_dir=27.39MB (D75KB/10s) files=75dc1917.json
[sample 80.2min] timeline_dir=27.47MB (D91KB/10s) files=75dc1917.json
[sample 80.3min] timeline_dir=27.55MB (D75KB/10s) files=75dc1917.json
[sample 80.5min] timeline_dir=27.63MB (D88KB/10s) files=75dc1917.json
[sample 80.7min] timeline_dir=27.72MB (D88KB/10s) files=75dc1917.json
[sample 80.8min] timeline_dir=27.80MB (D85KB/10s) files=75dc1917.json
[sample 81.0min] timeline_dir=27.89MB (D91KB/10s) files=75dc1917.json
[sample 81.2min] timeline_dir=27.97MB (D82KB/10s) files=75dc1917.json
[sample 81.3min] timeline_dir=28.07MB (D97KB/10s) files=75dc1917.json
[sample 81.5min] timeline_dir=28.15MB (D90KB/10s) files=75dc1917.json
[sample 81.7min] timeline_dir=28.23MB (D75KB/10s) files=75dc1917.json
[sample 81.8min] timeline_dir=28.32MB (D90KB/10s) files=75dc1917.json
[sample 82.0min] timeline_dir=28.39MB (D77KB/10s) files=75dc1917.json
[sample 82.2min] timeline_dir=28.48MB (D89KB/10s) files=75dc1917.json
[sample 82.3min] timeline_dir=28.57MB (D98KB/10s) files=75dc1917.json
[sample 82.5min] timeline_dir=28.65MB (D78KB/10s) files=75dc1917.json
[sample 82.7min] timeline_dir=28.74MB (D88KB/10s) files=75dc1917.json
[sample 82.8min] timeline_dir=28.82MB (D90KB/10s) files=75dc1917.json
[sample 83.0min] timeline_dir=28.90MB (D76KB/10s) files=75dc1917.json
[sample 83.2min] timeline_dir=28.98MB (D88KB/10s) files=75dc1917.json
[sample 83.3min] timeline_dir=29.07MB (D89KB/10s) files=75dc1917.json
[sample 83.5min] timeline_dir=29.16MB (D94KB/10s) files=75dc1917.json
[sample 83.7min] timeline_dir=29.25MB (D90KB/10s) files=75dc1917.json
[sample 83.8min] timeline_dir=29.34MB (D90KB/10s) files=75dc1917.json
[sample 84.0min] timeline_dir=29.41MB (D76KB/10s) files=75dc1917.json
[sample 84.2min] timeline_dir=29.51MB (D99KB/10s) files=75dc1917.json
[sample 84.3min] timeline_dir=29.60MB (D91KB/10s) files=75dc1917.json
[sample 84.5min] timeline_dir=29.68MB (D89KB/10s) files=75dc1917.json
[sample 84.7min] timeline_dir=29.76MB (D78KB/10s) files=75dc1917.json
[sample 84.8min] timeline_dir=29.85MB (D89KB/10s) files=75dc1917.json
[sample 85.0min] timeline_dir=29.93MB (D89KB/10s) files=75dc1917.json
[sample 85.2min] timeline_dir=30.01MB (D77KB/10s) files=75dc1917.json
[sample 85.3min] timeline_dir=30.10MB (D92KB/10s) files=75dc1917.json
[sample 85.5min] timeline_dir=30.19MB (D90KB/10s) files=75dc1917.json
[sample 85.7min] timeline_dir=30.27MB (D90KB/10s) files=75dc1917.json
[sample 85.8min] timeline_dir=30.35MB (D75KB/10s) files=75dc1917.json
[sample 86.0min] timeline_dir=30.45MB (D101KB/10s) files=75dc1917.json
[sample 86.2min] timeline_dir=30.53MB (D82KB/10s) files=75dc1917.json
[sample 86.3min] timeline_dir=30.62MB (D100KB/10s) files=75dc1917.json
[sample 86.5min] timeline_dir=30.70MB (D77KB/10s) files=75dc1917.json
[sample 86.7min] timeline_dir=30.79MB (D89KB/10s) files=75dc1917.json
[sample 86.8min] timeline_dir=30.87MB (D90KB/10s) files=75dc1917.json
[sample 87.0min] timeline_dir=30.96MB (D92KB/10s) files=75dc1917.json
[sample 87.2min] timeline_dir=31.04MB (D78KB/10s) files=75dc1917.json
[sample 87.3min] timeline_dir=31.13MB (D91KB/10s) files=75dc1917.json
[sample 87.5min] timeline_dir=31.22MB (D90KB/10s) files=75dc1917.json
[sample 87.7min] timeline_dir=31.31MB (D92KB/10s) files=75dc1917.json
[sample 87.8min] timeline_dir=31.38MB (D77KB/10s) files=75dc1917.json
[sample 88.0min] timeline_dir=31.47MB (D91KB/10s) files=75dc1917.json
[sample 88.2min] timeline_dir=31.56MB (D91KB/10s) files=75dc1917.json
[sample 88.3min] timeline_dir=31.65MB (D91KB/10s) files=75dc1917.json
[sample 88.5min] timeline_dir=31.74MB (D92KB/10s) files=75dc1917.json
[sample 88.7min] timeline_dir=31.81MB (D78KB/10s) files=75dc1917.json
[sample 88.8min] timeline_dir=31.90MB (D91KB/10s) files=75dc1917.json
[sample 89.0min] timeline_dir=31.99MB (D91KB/10s) files=75dc1917.json
[sample 89.2min] timeline_dir=32.08MB (D91KB/10s) files=75dc1917.json
[sample 89.3min] timeline_dir=32.16MB (D80KB/10s) files=75dc1917.json
[sample 89.5min] timeline_dir=32.25MB (D92KB/10s) files=75dc1917.json
[sample 89.7min] timeline_dir=32.34MB (D93KB/10s) files=75dc1917.json
[sample 89.8min] timeline_dir=32.43MB (D93KB/10s) files=75dc1917.json
[sample 90.0min] timeline_dir=32.51MB (D78KB/10s) files=75dc1917.json
[driver] FINAL timeline_dir=32.51MB
.37MB (D77KB/10s) files=75dc1917.json
[driver] FINAL timeline_dir=31.37MB
